<html>
<body>
<pre>
<h1>礦ision Build Log</h1>
<h2>Project:</h2>
D:\临时任务\17 OV2640程序备份\新程序包150804\OV2640-Camera-Board-Code\STM32-Open429I-C-Demo\Project\OV2640_UART\MDK-ARM\Project.uvproj
Project File Date:  08/04/2015

<h2>Output:</h2>
Build target 'STM32F429_439xx'
compiling dcmi_OV2640.c...
linking...
Program Size: Code=5976 RO-data=1404 RW-data=124 ZI-data=34820  
".\STM32F429_439xx\STM32F429_439xx.axf" - 0 Error(s), 0 Warning(s).
Load "D:\\临时任务\\17 OV2640程序备份\\新程序包150804\\OV2640-Camera-Board-Code\\STM32-Open429I-C-Demo\\Project\\OV2640_UART\\MDK-ARM\\STM32F429_439xx\\STM32F429_439xx.axf" 
Erase Done.
Programming Done.
Verify OK.
Application running ...
</pre>
</body>
</html>
ompiling stm32f4xx_rng.c...
compiling stm32f4xx_sai.c...
compiling stm32f4xx_spi.c...
compiling stm32f4xx_tim.c...
compiling stm32f4xx_wwdg.c...
compiling stm32f4xx_adc.c...
compiling stm32f4xx_cryp_aes.c...
compiling stm32f4xx_dbgmcu.c...
compiling stm32f4xx_exti.c...
compiling stm32f4xx_gpio.c...
compiling stm32f4xx_i2c.c...
compiling stm32f4xx_rcc.c...
compiling stm32f4xx_sdio.c...
compiling stm32f4xx_usart.c...
compiling stm32f4xx_crc.c...
compiling stm32f4xx_dma.c...
compiling stm32f4xx_hash_md5.c...
compiling stm32f4xx_rtc.c...
compiling stm32f4xx_cryp_tdes.c...
compiling stm32f4xx_ltdc.c...
compiling stm32f4xx_syscfg.c...
compiling stm32f4xx_fmc.c...
compiling main.c...
compiling stm32f4xx_it.c...
compiling stm324x9i_eval.c...
compiling usart.c...
compiling dcmi_OV2640.c...
..\camera\dcmi_OV2640.c(86): warning:  #177-D: variable "DMA_InitStructure" was declared but never referenced
    DMA_InitTypeDef  DMA_InitStructure;
..\camera\dcmi_OV2640.c: 1 warning, 0 errors
compiling SCCB.C...
linking...
Program Size: Code=5976 RO-data=1404 RW-data=124 ZI-data=34820  
".\STM32F429_439xx\STM32F429_439xx.axf" - 0 Error(s), 1 Warning(s).
